[web.archive.org/web/20210402140616/https_/kfbl.webs.com/index.html]
[web-static.archive.org/_static/js/bundle-playback0e4c.js]
[web-static.archive.org/_static/js/wombat9b8c.js]
[web-static.archive.org/_static/css/banner-styles3ae1.css]
[web-static.archive.org/_static/js/ruffle/ruffle.js]
[backblue.gif]
[fade.gif]
[index.html]
[web-static.archive.org/_static/css/iconochive29a7.css]
[web.archive.org/web/20210402125337js_/https_/static.websimages.com/active-static/lib/modernizr-old.js]
[web.archive.org/web/20210402125337js_/https_/static.websimages.com/static/global/js/require.js]
[web.archive.org/web/20210402133418js_/http_/ajax.googleapis.com/ajax/libs/jquery/1.8/jquery.min.js]
[web.archive.org/web/20210402125337js_/https_/static.websimages.com/active-static/target/apps/bootstrap.js]
[web.archive.org/web/20210402140636cs_/https_/kfbl.webs.com/.themed4da.css]
[web.archive.org/web/20210402140616cs_/https_/static.websimages.com/v3ff68b7/static/projects/finch/css/sitebase.css]
[web.archive.org/web/20210402140615js_/https_/www.google.com/recaptcha/api.js]
[web.archive.org/web/20210402140616js_/https_/static.websimages.com/v3ff68b7/active-static/target/internal/sitebuilder/view/view.app.js]
[web.archive.org/web/20210402125337cs_/https_/static.websimages.com/active-static/target/usersites/css/fixedFreebar.css]
[web.archive.org/web/20210402125337js_/https_/static.websimages.com/static/global/js/webs/usersites/p.js]
[web.archive.org/web/20210402140622js_/https_/kfbl.webs.com/cdn-cgi/bm/cv/669835187/api.js]
[web.archive.org/web/20210402140634im_/https_/mediaprocessor.websimages.com/fit/1920x1920/kfbl.webs.com/KFBLLOGO.png]
[web.archive.org/web/20210402140633im_/https_/mediaprocessor.websimages.com/width/330/crop/0,10,330x394/kfbl.webs.com/viber_image_2021-02-25_08-23-54.jpg]
[web.archive.org/web/20210402140631im_/https_/mediaprocessor.websimages.com/width/330/crop/0,12,330x393/kfbl.webs.com/viber_image_2021-02-25_08-23-55.jpg]
[web.archive.org/web/20210402140629im_/https_/mediaprocessor.websimages.com/rotate/90/height/216/crop/0,0,159x210/kfbl.webs.com/image1.jpg]
[web.archive.org/web/20210402140626im_/https_/mediaprocessor.websimages.com/width/210/crop/0,45,210x200/kfbl.webs.com/image0 (1).jpg]
[web.archive.org/web/20210402140616/https_/kfbl.webs.com/index.html]
[web-static.archive.org/_static/css/banner-styles3ae1.css]
[web-static.archive.org/_static/css/iconochive29a7.css]
[web.archive.org/web/20210402145641js_/https_/static.websimages.com/active-static/target/stats/collector.js]
[web.archive.org/web/20210402092447im_/https_/static.websimages.com/static/projects/finch/themes/app_search_ie.png]
[web.archive.org/web/20210402092449im_/https_/static.websimages.com/rails-static/webstore/images/paypal_24.png]
[web.archive.org/web/20210402113931im_/https_/images.webs.com/static/global/icons/silk/page_edit.png]
[web.archive.org/web/20210402140636im_/https_/kfbl.webs.com/BackGround.jpg]
[web.archive.org/web/20210402140923im_/https_/kfbl.webs.com/images/frames/u_shadow.png]
[web.archive.org/web/20210402140923im_/https_/kfbl.webs.com/images/frames/papershade.png]
[web.archive.org/web/20210402140923im_/https_/kfbl.webs.com/images/frames/tape.png]
[web.archive.org/web/20210402140923im_/https_/kfbl.webs.com/images/frames/album-noise.png]
[web.archive.org/web/20210402140924im_/https_/kfbl.webs.com/images/frames/album-binder.png]
[web.archive.org/web/20210402140924im_/https_/kfbl.webs.com/images/frames/thumbtack.png]
[web.archive.org/web/20210402140924im_/https_/kfbl.webs.com/images/frames/photo-corners.png]
[web.archive.org/web/20210402092445im_/https_/members.webs.com/s/modules/video/v1.38/images/placeholder-icon.png]
[web.archive.org/web/20210402070318im_/https_/members.webs.com/s/modules/horizontal_rule/v1.15/images/light-1-sprite.png]
[web.archive.org/web/20210402070321im_/https_/members.webs.com/s/modules/horizontal_rule/v1.15/images/light-2-sprite.png]
[web.archive.org/web/20210402070322im_/https_/members.webs.com/s/modules/horizontal_rule/v1.15/images/light-3-sprite.png]
[web.archive.org/web/20210402070323im_/https_/members.webs.com/s/modules/horizontal_rule/v1.15/images/light-4-sprite.png]
[web.archive.org/web/20210402070328im_/https_/members.webs.com/s/modules/horizontal_rule/v1.15/images/light-5-sprite.png]
[web.archive.org/web/20210402070358im_/https_/members.webs.com/s/modules/horizontal_rule/v1.15/images/light-6-sprite.png]
[web.archive.org/web/20210402070402im_/https_/members.webs.com/s/modules/horizontal_rule/v1.15/images/light-7-sprite.png]
[web.archive.org/web/20210402070407im_/https_/members.webs.com/s/modules/horizontal_rule/v1.15/images/light-8-sprite.png]
[web.archive.org/web/20210402070412im_/https_/members.webs.com/s/modules/horizontal_rule/v1.15/images/light-9-sprite.png]
[web.archive.org/web/20210402070414im_/https_/members.webs.com/s/modules/horizontal_rule/v1.15/images/light-10-sprite.png]
[web.archive.org/web/20210402125431im_/https_/members.webs.com/s/modules/horizontal_rule/v1.15/images/dark-1-sprite.png]
[web.archive.org/web/20210402083929im_/https_/members.webs.com/s/modules/horizontal_rule/v1.15/images/dark-2-sprite.png]
[web.archive.org/web/20210402083932im_/https_/members.webs.com/s/modules/horizontal_rule/v1.15/images/dark-3-sprite.png]
[web.archive.org/web/20210402083933im_/https_/members.webs.com/s/modules/horizontal_rule/v1.15/images/dark-4-sprite.png]
[web.archive.org/web/20210402083936im_/https_/members.webs.com/s/modules/horizontal_rule/v1.15/images/dark-5-sprite.png]
[web.archive.org/web/20210402083944im_/https_/members.webs.com/s/modules/horizontal_rule/v1.15/images/dark-6-sprite.png]
[web.archive.org/web/20210402083954im_/https_/members.webs.com/s/modules/horizontal_rule/v1.15/images/dark-7-sprite.png]
[web.archive.org/web/20210402084014im_/https_/members.webs.com/s/modules/horizontal_rule/v1.15/images/dark-8-sprite.png]
[web.archive.org/web/20210402084023im_/https_/members.webs.com/s/modules/horizontal_rule/v1.15/images/dark-9-sprite.png]
[web.archive.org/web/20210402084028im_/https_/members.webs.com/s/modules/horizontal_rule/v1.15/images/dark-10-sprite.png]
[web.archive.org/web/20210402092445im_/https_/members.webs.com/s/modules/slideshow/v1.32/images/placeholder-icon.png]
[web.archive.org/web/20210402092445im_/https_/members.webs.com/s/modules/slideshow/v1.32/images/white-timerbg.png]
[web.archive.org/web/20210402092447im_/https_/members.webs.com/s/modules/slideshow/v1.32/images/white-nav.png]
[web.archive.org/web/20210402092450im_/https_/members.webs.com/s/modules/carousel/v1.39/images/placeholder.png]
[web.archive.org/web/20210402092449im_/https_/static.websimages.com/static/projects/finch/images/carousel_back_forward.png]
[web.archive.org/web/20210402092447im_/https_/members.webs.com/s/modules/social-links/v1.23/icons/style01.png]
[web.archive.org/web/20210402092450im_/https_/members.webs.com/s/modules/social-links/v1.23/icons/style02.png]
[web.archive.org/web/20210402092450im_/https_/members.webs.com/s/modules/social-links/v1.23/icons/style03.png]
[web.archive.org/web/20210402092451im_/https_/members.webs.com/s/modules/social-links/v1.23/icons/style04.png]
[web.archive.org/web/20210402092448im_/https_/members.webs.com/s/modules/social-links/v1.23/icons/style05.png]
[web.archive.org/web/20210402092450im_/https_/members.webs.com/s/modules/social-links/v1.23/icons/style06.png]
[web.archive.org/web/20210402092447im_/https_/members.webs.com/s/modules/social-links/v1.23/icons/style07.png]
[web.archive.org/web/20210402092445im_/https_/members.webs.com/s/modules/social-links/v1.23/icons/style08.png]
[web.archive.org/web/20210402140636cs_/https_/kfbl.webs.com/.themed4da.css]
[web.archive.org/web/20210402140616im_/https_/static.websimages.com/v3ff68b7/static/projects/finch/images/frames/u_shadow.png]
[web.archive.org/web/20210402140616cs_/https_/static.websimages.com/v3ff68b7/static/projects/finch/css/sitebase.css]
[web.archive.org/web/20210402125338im_/https_/static.websimages.com/active-static/target/usersites/images/footer_logo_sprite.png]
[web.archive.org/web/20210402125337cs_/https_/static.websimages.com/active-static/target/usersites/css/fixedFreebar.css]
[web.archive.org/web/20210402092449im_/https_/static.websimages.com/rails-static/webstore/images/paypal_24.html]
[web.archive.org/web/20210402140923im_/https_/kfbl.webs.com/images/frames/u_shadow.html]
[web.archive.org/web/20210402140923im_/https_/kfbl.webs.com/images/frames/papershade.html]
[web.archive.org/web/20210402140923im_/https_/kfbl.webs.com/images/frames/tape.html]
[web.archive.org/web/20210402140923im_/https_/kfbl.webs.com/images/frames/album-noise.html]
[web.archive.org/web/20210402140924im_/https_/kfbl.webs.com/images/frames/album-binder.html]
[web.archive.org/web/20210402140924im_/https_/kfbl.webs.com/images/frames/thumbtack.html]
[web.archive.org/web/20210402140924im_/https_/kfbl.webs.com/images/frames/photo-corners.html]
